#-----------------------------------------------------------
# Vivado v2024.1 (64-bit)
# SW Build 5076996 on Wed May 22 18:36:09 MDT 2024
# IP Build 5075265 on Wed May 22 21:45:21 MDT 2024
# SharedData Build 5076995 on Wed May 22 18:29:18 MDT 2024
# Start of session at: Mon Mar  2 14:07:54 2026
# Process ID: 199941
# Current directory: /home/hansa/Desktop/chipyard/fpga/scripts
# Command line: vivado -mode gui -source /home/hansa/Desktop/chipyard/fpga/scripts/open_checkpoint.tcl
# Log file: /home/hansa/Desktop/chipyard/fpga/scripts/vivado.log
# Journal file: /home/hansa/Desktop/chipyard/fpga/scripts/vivado.jou
# Running On        :hansa-usyd
# Platform          :Ubuntu
# Operating System  :Ubuntu 24.04.4 LTS
# Processor Detail  :Intel(R) Core(TM) Ultra 5 125U
# CPU Frequency     :1159.957 MHz
# CPU Physical cores:12
# CPU Logical cores :14
# Host memory       :16189 MB
# Swap memory       :4294 MB
# Total Virtual     :20484 MB
# Available Virtual :10015 MB
#-----------------------------------------------------------
start_gui
source /home/hansa/Desktop/chipyard/fpga/scripts/open_checkpoint.tcl
